
> security-resume-ai@1.0.0 build
> vite build && node scripts/copy-static.js

[33mThe CJS build of Vite's Node API is deprecated. See https://vite.dev/guide/troubleshooting.html#vite-cjs-node-api-deprecated for more details.[39m
vite v5.4.21 building for production...
transforming...
✓ 7 modules transformed.
x Build failed in 9.83s
error during build:
[vite]: Rollup failed to resolve import "motion/react" from "/mnt/c/Users/deepa/github/resume-ai-extension/src/App.jsx".
This is most likely unintended because it can break your application at runtime.
If you do want to externalize this module explicitly add it to
`build.rollupOptions.external`
    at viteWarn (file:///mnt/c/Users/deepa/github/resume-ai-extension/node_modules/vite/dist/node/chunks/dep-BK3b2jBa.js:65855:17)
    at onwarn (/mnt/c/Users/deepa/github/resume-ai-extension/node_modules/@vitejs/plugin-react/dist/index.cjs:112:7)
    at onRollupWarning (file:///mnt/c/Users/deepa/github/resume-ai-extension/node_modules/vite/dist/node/chunks/dep-BK3b2jBa.js:65885:5)
    at onwarn (file:///mnt/c/Users/deepa/github/resume-ai-extension/node_modules/vite/dist/node/chunks/dep-BK3b2jBa.js:65550:7)
    at file:///mnt/c/Users/deepa/github/resume-ai-extension/node_modules/rollup/dist/es/shared/node-entry.js:21404:13
    at Object.logger [as onLog] (file:///mnt/c/Users/deepa/github/resume-ai-extension/node_modules/rollup/dist/es/shared/node-entry.js:23385:9)
    at ModuleLoader.handleInvalidResolvedId (file:///mnt/c/Users/deepa/github/resume-ai-extension/node_modules/rollup/dist/es/shared/node-entry.js:22129:26)
    at file:///mnt/c/Users/deepa/github/resume-ai-extension/node_modules/rollup/dist/es/shared/node-entry.js:22087:26
